[octopuswarriors.com/index.html]
[backblue.gif]
[fade.gif]
[index.html]
[octopuswarriors.com/css/style.css]
[octopuswarriors.com/css/splide-core.min.css]
[octopuswarriors.com/scripts/parallax.min.js]
[octopuswarriors.com/scripts/splide.min.js]
[www.google.com/recaptcha/api.js]
[octopuswarriors.com/favicon.ico]
[octopuswarriors.com/images/parallax/octopus.png]
[octopuswarriors.com/images/parallax/fuel-cells.png]
[octopuswarriors.com/images/parallax/spaceship.png]
[octopuswarriors.com/images/parallax/green-guy.png]
[octopuswarriors.com/images/parallax/red-guy.png]
[octopuswarriors.com/images/home-background.jpg]
[octopuswarriors.com/images/wishlist-button.png]
[octopuswarriors.com/images/trailer-background.png]
[octopuswarriors.com/images/screenshots-background.png]
[octopuswarriors.com/images/screenshots/fueled-up-screenshot-1.jpg]
[octopuswarriors.com/images/screenshots/fueled-up-screenshot-2.jpg]
[octopuswarriors.com/images/screenshots/fueled-up-screenshot-3.jpg]
[octopuswarriors.com/images/screenshots/fueled-up-screenshot-4.jpg]
[octopuswarriors.com/images/screenshots/fueled-up-screenshot-5.jpg]
[octopuswarriors.com/images/screenshots/fueled-up-screenshot-6.jpg]
[octopuswarriors.com/images/screenshots/fueled-up-screenshot-7.jpg]
[octopuswarriors.com/images/screenshots/fueled-up-screenshot-8.jpg]
[octopuswarriors.com/images/screenshots/fueled-up-screenshot-9.jpg]
[octopuswarriors.com/images/screenshots/fueled-up-screenshot-10.jpg]
[octopuswarriors.com/index.html]
[octopuswarriors.com/css/fonts/bangers-regular.ttf]
[octopuswarriors.com/css/fonts/myriadpro-light.woff]
[octopuswarriors.com/css/fonts/myriadpro-regular.woff]
[octopuswarriors.com/css/style.css]
[octopuswarriors.com/css/splide-core.min.css]
[octopuswarriors.com/images/screenshots/fueled-up-screenshot-7.html]
[octopuswarriors.com/images/screenshots/fueled-up-screenshot-8.html]
[octopuswarriors.com/images/screenshots/fueled-up-screenshot-9.html]
[octopuswarriors.com/images/screenshots/fueled-up-screenshot-10.html]
[octopuswarriors.com/css/fonts/bangers-regular.html]
[octopuswarriors.com/css/fonts/myriadpro-light.html]
[octopuswarriors.com/css/fonts/myriadpro-regular.html]
